125
INVALID
INVALID
59
INVALID
INVALID
221
INVALID
INVALID
80
INVALID
INVALID
171
INVALID
INVALID
135
INVALID
INVALID
266
INVALID
INVALID
257
INVALID
INVALID
201
INVALID
INVALID
300
INVALID
INVALID
0
