5
6
10
1
1
1
6
10
10
10
1000
1000
5
8
12
10
1000
1
2
