Set #1: (-10,0) (-9,9) (-5,10) (5,10) (9,9) (10,0) (5,-10) (-5,-10)
Set #2: (-3,-6) (6,12)
Set #3: (-54.1,-54.1) (59.1,59.1)
Set #4: (-224,-162.9) (12.4,294.4) (-13.8,-80.5)
Set #5: (-246.4,-327) (-71.7,-95.7) (-91,-243.3)
Set #6: (-794.7,-673.4) (-772.8,708.4) (-483.3,833) (181,891.8) (329.7,700.6) (978.9,-667.8) (962,-711.6) (74.1,-906.6)
Set #7: (-960.5,493) (-729.5,790.2) (-145.2,860) (601.7,757.8) (861.1,650.4) (977.7,-723.4) (303.3,-893.8) (-562.4,-929.8) (-721.1,-911.4) (-798.2,-855.4) (-847.8,-621.4)
Set #8: (-962.5,499.4) (-919.7,789.2) (417.8,977.8) (827.6,974.2) (935.4,-166.2) (938.9,-299.8) (899.1,-842) (579.7,-902.4) (362.8,-921.8) (-32.4,-947.2) (-961.6,-954)
Set #9: (-990.9,-281.4) (-983.7,910) (-478.9,972) (-126,997) (957.7,952.2) (988,908.8) (996.5,-888.6) (-73.2,-975) (-852,-976.2) (-900.2,-954.6) (-974.4,-592.4)
Set #10: (-996.3,-116.4) (-976.6,560) (-961.9,712.6) (-941.1,917) (-889.5,995.8) (962.7,985.4) (982.2,914.2) (998.7,-348.4) (997.7,-935) (932.5,-985.8) (87.8,-990.2) (-650,-986.8) (-865.9,-981.4) (-973,-927) (-986.8,-895.8)
Set #11: (-996.7,207) (-989.8,759.2) (-944.5,970.2) (-892.3,991) (-787.3,995.6) (-570.2,1000) (545.4,998.6) (933.5,980) (968.6,901.4) (986.7,706) (996.9,559) (981.4,-895.2) (972.6,-949.4) (958.1,-996.2) (415,-998.2) (167.8,-998.6) (-828,-997.8) (-993.1,-941) (-993.9,-750.8)
Set #12: (-976.7,-9.6) (-970.1,22.6) (-619.7,379.2) (-13.8,981.6) (53.1,934.4) (131.7,865.8) (432.5,567) (790,207.8) (879.1,118.2) (938.1,49.2) (968.8,-5) (951,-42) (898.8,-98.8) (99.4,-898.6) (80.1,-915.4) (39.5,-942.4) (-33.3,-937.8) (-46.9,-936) (-298.3,-697) (-425.5,-572.4) (-634,-365.4) (-816,-183.8) (-956.8,-32.2)
