9
12
10
16
7
11
12
7
11
24
17
17
18
21
22
23
23
29
28
10
2
0
0
