CCCATGTGTATTTGAGGGGTATATTCATAGGCTTGTAATT:40
GTCGTCGGAAGCCGGCCGAA:20
:0
TA:2
