Data Set #1
(0.0,0.0)->(2.5,0.0)
(3.0,4.5)->(0.0,3.1)
Data Set #2
(-3.0,0.0)->(0.0,-4.0)
(0.0,4.0)->(1.0,4.0)
(3.0,0.0)->(2.5,-3.5)
Data Set #3
(0.0,2.0)->(1.0,4.0)
(0.0,3.1)->(2.0,6.0)
(1.0,3.0)->(0.0,0.0)
(1.0,5.0)->(0.0,4.0)
(1.8,2.2)->(3.0,1.0)
(2.0,3.0)->(3.0,3.0)
(2.5,0.0)->(4.0,2.0)
(3.0,6.0)->(3.0,4.5)

