3 card(s)
61 card(s)
1 card(s)
273 card(s)
276 card(s)
1 card(s)
2 card(s)
3 card(s)
4 card(s)
5 card(s)
6 card(s)
7 card(s)
8 card(s)
9 card(s)
10 card(s)
