216
30
999
1
11
36
5994
24975
25
15
15
25
