CchocHolaIPteS
No merge possible!
aBABDbabc
ababcBABD
CcatABCDch
CcABatCchD
CcatACDch
CBcatCDch
