2: 1(10.00) 3(1.00) 4(12.01) 5(1.01) 6(2.01)
3: 1(10.00) 2(1.00) 4(11.01) 5(0.01) 6(1.01)
*****
1: 2(5.00) 3(4.00) 4(2.00) 5(1.00)
*****
1: 2(24.55) 3(10.30) 4(21.96) 5(10.48) 6(20.51) 7(21.11) 8(10.97) 9(10.20) 10(10.59) 11(20.87) 12(10.95) 13(10.90) 14(20.71) 15(15.22) 16(11.16) 17(21.12) 18(21.26) 19(21.02) 20(10.60) 21(11.17) 22(20.69) 23(21.31) 24(10.57) 25(10.81) 26(22.39) 27(21.62) 28(14.13) 29(10.47) 30(20.73) 31(10.32) 32(10.51) 33(20.79) 34(10.86) 35(20.90) 36(21.28) 37(20.59) 38(10.37) 39(10.61) 40(10.48) 41(10.86) 42(10.44) 43(24.39) 44(21.10) 45(20.82) 46(10.85) 47(20.79) 48(21.42) 49(20.36) 50(20.78) 51(22.32) 52(20.55) 53(12.66) 54(20.62) 55(20.77) 56(21.60) 57(20.96) 58(21.67) 59(10.80) 60(21.17) 61(21.10) 62(10.46) 63(10.35) 64(14.19) 65(10.60) 66(24.05) 67(10.60) 68(21.63) 69(20.52) 70(10.63) 71(10.67) 72(10.73) 73(10.51) 74(12.64) 75(10.88) 76(10.92) 77(10.97) 78(21.15) 79(10.28) 80(17.27) 81(10.34) 82(13.69) 83(21.13) 84(21.40) 85(10.59) 86(14.21) 87(10.48) 88(20.64) 89(10.63) 90(20.61) 91(10.49) 92(11.53) 93(10.33) 94(10.56) 95(10.99) 96(22.31) 97(20.93) 98(10.95) 99(14.12) 100(20.71)
10: 1(10.59) 2(14.35) 3(10.50) 4(16.73) 5(0.19) 6(15.80) 7(10.96) 8(10.36) 9(0.39) 11(10.94) 12(10.34) 13(10.29) 14(10.15) 15(10.99) 16(10.55) 17(10.90) 18(11.63) 19(10.46) 20(0.01) 21(10.56) 22(10.21) 23(10.81) 24(0.01) 25(10.29) 26(11.80) 27(11.08) 28(10.72) 29(0.18) 30(10.25) 31(10.48) 32(0.22) 33(10.20) 34(10.25) 35(10.31) 36(10.99) 37(10.30) 38(10.54) 39(0.32) 40(0.19) 41(10.27) 42(0.15) 43(15.13) 44(10.97) 45(10.23) 46(10.26) 47(10.22) 48(11.13) 49(11.36) 50(10.19) 51(12.92) 52(10.71) 53(10.52) 54(10.04) 55(10.65) 56(16.84) 57(10.67) 58(11.35) 59(10.31) 60(10.58) 61(10.92) 62(0.17) 63(10.51) 64(10.78) 65(0.01) 66(14.24) 67(0.30) 68(11.06) 69(10.68) 70(0.34) 71(0.38) 72(0.14) 73(0.22) 74(10.50) 75(10.27) 76(10.18) 77(10.14) 78(20.63) 79(0.31) 80(11.63) 81(10.46) 82(10.97) 83(10.95) 84(10.81) 85(0.02) 86(10.80) 87(0.19) 88(10.34) 89(0.05) 90(10.02) 91(0.20) 92(10.92) 93(10.50) 94(0.03) 95(10.38) 96(12.93) 97(11.13) 98(10.16) 99(10.73) 100(10.19)
100: 1(20.71) 2(24.42) 3(11.01) 4(17.62) 5(10.26) 6(21.02) 7(12.85) 8(10.59) 9(10.52) 10(10.19) 11(13.29) 12(10.58) 13(10.52) 14(20.32) 15(21.15) 16(10.78) 17(13.55) 18(20.88) 19(20.63) 20(10.21) 21(10.79) 22(0.02) 23(20.93) 24(10.18) 25(10.50) 26(21.99) 27(21.25) 28(12.85) 29(10.25) 30(0.06) 31(10.99) 32(10.29) 33(20.39) 34(10.48) 35(11.83) 36(21.06) 37(20.37) 38(10.94) 39(10.10) 40(10.24) 41(10.45) 42(10.27) 43(21.56) 44(12.86) 45(20.42) 46(10.47) 47(20.39) 48(21.20) 49(21.04) 50(16.40) 51(15.43) 52(20.50) 53(20.33) 54(15.34) 55(20.72) 56(21.76) 57(13.90) 58(18.01) 59(10.51) 60(20.77) 61(13.57) 62(10.30) 63(10.96) 64(12.91) 65(10.20) 66(23.67) 67(10.12) 68(12.51) 69(20.47) 70(10.08) 71(10.45) 72(10.34) 73(10.29) 74(20.31) 75(10.50) 76(10.55) 77(10.59) 78(20.84) 79(10.43) 80(12.50) 81(11.01) 82(21.13) 83(13.60) 84(21.00) 85(10.19) 86(12.93) 87(10.31) 88(20.41) 89(10.24) 90(15.35) 91(10.27) 92(11.15) 93(10.98) 94(10.19) 95(10.61) 96(15.44) 97(21.25) 98(10.57) 99(12.86)
