0
1
0
1
0
1
0
1
0
1
0
1
0
1
0
1
0
1
0
1
0
1
0
1
0
1
3
4
3
2
2
1
0
0
1
3
4
3
2
2
1
0
1
0
1
0
1
0
1
3
4
3
4
6
6
3
2
2
1
5
5
5
4
4
3
4
4
4
4
3
4
3
2
4
3
4
3
4
4
3
4
4
4
2
3
3
4
5
5
3
2
5
4
2
1
1
0
0
0
6
8
10
12
1
2
1
5
