6 7
1 2 3 4 5 6 8 9 10
0
8
0
8 10 11
1 2 3 4 5 6 7 8 9 10 11 12 13 14 15 16 17 18 19 20
52 57 62 67 72 80 85 89 94 96
0
