30
1
10
15
18
25
5434
14235
31295
36081
58313
73964
