220
-100
1390
1310
-250
98790
-20
6006
213821
144745
207839
