100
70
125729
150964
152087
152087
736288
1367242
15364677
