187
13
0
37
766
0
417
623
1110
702298698
2816570790
