S(1,1) = 1
S(1,2) = 0
S(1,16) = 0
S(2,1) = 1
S(2,2) = 2
S(2,3) = 0
S(3,1) = 1
S(3,2) = 6
S(3,3) = 6
S(3,4) = 0
S(4,1) = 1
S(4,2) = 14
S(4,3) = 36
S(4,4) = 24
S(4,5) = 0
S(5,1) = 1
S(5,2) = 30
S(5,3) = 150
S(5,4) = 240
S(5,5) = 120
S(5,6) = 0
S(6,1) = 1
S(6,2) = 62
S(6,3) = 540
S(6,4) = 1560
S(6,5) = 1800
S(6,6) = 720
S(6,7) = 0
S(7,1) = 1
S(7,2) = 126
S(7,3) = 1806
S(7,4) = 8400
S(7,5) = 16800
S(7,6) = 15120
S(7,7) = 5040
S(7,8) = 0
S(8,1) = 1
S(8,2) = 254
S(8,3) = 5796
S(8,4) = 40824
S(8,5) = 126000
S(8,6) = 191520
S(8,7) = 141120
S(8,8) = 40320
S(8,9) = 0
S(9,1) = 1
S(9,2) = 510
S(9,3) = 18150
S(9,4) = 186480
S(9,5) = 834120
S(9,6) = 1905120
S(9,7) = 2328480
S(9,8) = 1451520
S(9,9) = 362880
S(9,10) = 0
S(10,1) = 1
S(10,2) = 1022
S(10,3) = 55980
S(10,4) = 818520
S(10,5) = 5103000
S(10,6) = 16435440
S(10,7) = 29635200
S(10,8) = 30240000
S(10,9) = 16329600
S(10,10) = 3628800
S(10,11) = 0
S(11,1) = 1
S(11,2) = 2046
S(11,3) = 171006
S(11,4) = 3498000
S(11,5) = 29607600
S(11,6) = 129230640
S(11,7) = 322494480
S(11,8) = 479001600
S(11,9) = 419126400
S(11,10) = 199584000
S(11,11) = 39916800
S(11,12) = 0
S(12,1) = 1
S(12,2) = 4094
S(12,3) = 519156
S(12,4) = 14676024
S(12,5) = 165528000
S(12,6) = 953029440
S(12,7) = 3162075840
S(12,8) = 6411968640
S(12,9) = 8083152000
S(12,10) = 6187104000
S(12,11) = 2634508800
S(12,12) = 479001600
S(12,13) = 0
S(13,1) = 1
S(13,2) = 8190
S(13,3) = 1569750
S(13,4) = 60780720
S(13,5) = 901020120
S(13,6) = 6711344640
S(13,7) = 28805736960
S(13,8) = 76592355840
S(13,9) = 130456085760
S(13,10) = 142702560000
S(13,11) = 97037740800
S(13,12) = 37362124800
S(13,13) = 6227020800
S(13,14) = 0
S(14,1) = 1
S(14,2) = 16382
S(14,3) = 4733820
S(14,4) = 249401880
S(14,5) = 4809004200
S(14,6) = 45674188560
S(14,7) = 248619571200
S(14,8) = 843184742400
S(14,9) = 1863435974400
S(14,10) = 2731586457600
S(14,11) = 2637143308800
S(14,12) = 1612798387200
S(14,13) = 566658892800
S(14,14) = 87178291200
S(14,15) = 0
S(15,1) = 1
S(15,2) = 32766
S(15,3) = 14250606
S(15,4) = 1016542800
S(15,5) = 25292030400
S(15,6) = 302899156560
S(15,7) = 2060056318320
S(15,8) = 8734434508800
S(15,9) = 24359586451200
S(15,10) = 45950224320000
S(15,11) = 59056027430400
S(15,12) = 50999300352000
S(15,13) = 28332944640000
S(15,14) = 9153720576000
S(15,15) = 1307674368000
S(15,16) = 0
S(16,1) = 1
S(16,2) = 65534
S(16,3) = 42850116
S(16,4) = 4123173624
S(16,5) = 131542866000
S(16,6) = 1969147121760
S(16,7) = 16540688324160
S(16,8) = 86355926616960
S(16,9) = 297846188640000
S(16,10) = 703098107712000
S(16,11) = 1155068769254400
S(16,12) = 1320663933388800
S(16,13) = 1031319184896000
S(16,14) = 524813313024000
S(16,15) = 156920924160000
S(16,16) = 20922789888000
