00:05:00
00:00:50
00:01:00
01:06:00
00:00:40
03:58:00
00:24:00
00:00:24
00:01:00
00:00:20
00:01:00
00:03:00
00:00:20
17:00:04
20:06:00
23:58:04
23:58:04
